test_bad_api_arguments (test_p3j_objective.AlgebraTests.test_bad_api_arguments) ... ok
test_bad_arrays (test_p3j_objective.AlgebraTests.test_bad_arrays) ... ok
test_offset_and_relative_error_separate (test_p3j_objective.AlgebraTests.test_offset_and_relative_error_separate) ... ok
test_translation_and_singleton (test_p3j_objective.AlgebraTests.test_translation_and_singleton) ... ok
test_dense_gradients_chunks_and_one_adam_step (test_p3j_objective.CUDATests.test_dense_gradients_chunks_and_one_adam_step) ... ok
test_high_candidates_dense_gradient (test_p3j_objective.CUDATests.test_high_candidates_dense_gradient) ... ok
test_invalid_late_request_does_not_add_gradients (test_p3j_objective.CUDATests.test_invalid_late_request_does_not_add_gradients) ... ok
test_output_gradient_translation_and_global_not_chunk_mean (test_p3j_objective.CUDATests.test_output_gradient_translation_and_global_not_chunk_mean) ... ok
test_parameters_unchanged_and_nonfinite_rejected (test_p3j_objective.CUDATests.test_parameters_unchanged_and_nonfinite_rejected) ... ok
test_singleton_zero_and_zero_weight_preserves_gradients (test_p3j_objective.CUDATests.test_singleton_zero_and_zero_weight_preserves_gradients) ... ok
test_absolute_reproduces_p3h_aux_bitwise (test_p3j_training.CUDATests.test_absolute_reproduces_p3h_aux_bitwise) ... ERROR
test_centered_resume_separate_process_and_production_guard (test_p3j_training.CUDATests.test_centered_resume_separate_process_and_production_guard) ... ERROR
test_fault_boundary_reload_and_invalid_objective (test_p3j_training.CUDATests.test_fault_boundary_reload_and_invalid_objective) ... ERROR
test_failures_are_reaped (test_p3j_training.GuardFaultTests.test_failures_are_reaped) ... ok
test_fixed_budget_and_blocked_schedule (test_p3j_training.ProtocolTests.test_fixed_budget_and_blocked_schedule) ... ok

======================================================================
ERROR: test_absolute_reproduces_p3h_aux_bitwise (test_p3j_training.CUDATests.test_absolute_reproduces_p3h_aux_bitwise)
----------------------------------------------------------------------
Traceback (most recent call last):
  File "C:\Users\zengb\Desktop\掼蛋强化学习\tests\test_p3j_training.py", line 34, in test_absolute_reproduces_p3h_aux_bitwise
    from experiments.p3j_checkpoint import capture
  File "C:\Users\zengb\Desktop\掼蛋强化学习\experiments\p3j_checkpoint.py", line 30
    paths += [root/'experiments/p3h_objective.py', root/'experiments/p3f_teacher.py]
                                                        ^
SyntaxError: unterminated string literal (detected at line 30)

======================================================================
ERROR: test_centered_resume_separate_process_and_production_guard (test_p3j_training.CUDATests.test_centered_resume_separate_process_and_production_guard)
----------------------------------------------------------------------
Traceback (most recent call last):
  File "C:\Users\zengb\Desktop\掼蛋强化学习\tests\test_p3j_training.py", line 45, in test_centered_resume_separate_process_and_production_guard
    from experiments.p3j_checkpoint import save_checkpoint,load_checkpoint,capture
  File "C:\Users\zengb\Desktop\掼蛋强化学习\experiments\p3j_checkpoint.py", line 30
    paths += [root/'experiments/p3h_objective.py', root/'experiments/p3f_teacher.py]
                                                        ^
SyntaxError: unterminated string literal (detected at line 30)

======================================================================
ERROR: test_fault_boundary_reload_and_invalid_objective (test_p3j_training.CUDATests.test_fault_boundary_reload_and_invalid_objective)
----------------------------------------------------------------------
Traceback (most recent call last):
  File "C:\Users\zengb\Desktop\掼蛋强化学习\tests\test_p3j_training.py", line 75, in test_fault_boundary_reload_and_invalid_objective
    from experiments.p3j_checkpoint import save_checkpoint,load_checkpoint,capture
  File "C:\Users\zengb\Desktop\掼蛋强化学习\experiments\p3j_checkpoint.py", line 30
    paths += [root/'experiments/p3h_objective.py', root/'experiments/p3f_teacher.py]
                                                        ^
SyntaxError: unterminated string literal (detected at line 30)

----------------------------------------------------------------------
Ran 15 tests in 6.154s

FAILED (errors=3)
